// Jest Snapshot v1, https://goo.gl/fbAQLP

exports[`TextInput Component should match snapshot for text input 1`] = `
<DocumentFragment>
  <div
    class="relative flex items-center border border-grayPrimary rounded"
  >
    <input
      class="py-2 pl-4 w-full focus:outline-none focus:ring-0 box-border focus:border focus:border-primary-500 focus:bg-primary-100"
      id="test-input"
      name="test-input"
      placeholder="Enter text"
      type="text"
      value="Text"
    />
  </div>
</DocumentFragment>
`;
